2026.03.03 10:17:06 INFO  Started: Metals version 1.6.5 in folders 'C:\devtools\repositories\git\sched_dolphinscheduler' for client Cursor 1.105.1.
2026.03.03 10:17:06 INFO  Memory monitor started
2026.03.03 10:17:06 WARN  Using H2 2.4.240 which is newer than the version Flyway has been verified with. The latest verified version of H2 is 2.3.232.
2026.03.03 10:17:15 WARN  no build target for: C:\devtools\repositories\git\sched_dolphinscheduler\dolphinscheduler-task-plugin\dolphinscheduler-task-api\src\main\java\org\apache\dolphinscheduler\plugin\task\api\TaskPluginManager.java
2026.03.03 10:17:15 INFO  no build target found for C:\devtools\repositories\git\sched_dolphinscheduler\dolphinscheduler-task-plugin\dolphinscheduler-task-api\src\main\java\org\apache\dolphinscheduler\plugin\task\api\TaskPluginManager.java. Using fallback presentation compiler.
2026.03.03 10:17:19 INFO  no build target found for C:\devtools\repositories\git\sched_dolphinscheduler\dolphinscheduler-task-plugin\dolphinscheduler-task-api\src\main\java\org\apache\dolphinscheduler\plugin\task\api\TaskPluginManager.java. Using fallback presentation compiler.
2026.03.03 10:17:19 INFO  no build target found for C:\devtools\repositories\git\sched_dolphinscheduler\dolphinscheduler-task-plugin\dolphinscheduler-task-api\src\main\java\org\apache\dolphinscheduler\plugin\task\api\TaskPluginManager.java. Using fallback presentation compiler.
2026.03.03 10:17:21 INFO  no build target found for C:\devtools\repositories\git\sched_dolphinscheduler\dolphinscheduler-task-plugin\dolphinscheduler-task-api\src\main\java\org\apache\dolphinscheduler\plugin\task\api\TaskPluginManager.java. Using fallback presentation compiler.
2026.03.03 10:17:23 INFO  no build target found for C:\devtools\repositories\git\sched_dolphinscheduler\dolphinscheduler-task-plugin\dolphinscheduler-task-api\src\main\java\org\apache\dolphinscheduler\plugin\task\api\TaskPluginManager.java. Using fallback presentation compiler.
2026.03.03 10:17:23 INFO  no build target found for C:\devtools\repositories\git\sched_dolphinscheduler\dolphinscheduler-task-plugin\dolphinscheduler-task-api\src\main\java\org\apache\dolphinscheduler\plugin\task\api\TaskPluginManager.java. Using fallback presentation compiler.
2026.03.03 10:19:24 INFO  no build target found for C:\devtools\repositories\git\sched_dolphinscheduler\dolphinscheduler-task-plugin\dolphinscheduler-task-api\src\main\java\org\apache\dolphinscheduler\plugin\task\api\TaskPluginManager.java. Using fallback presentation compiler.
2026.03.03 10:19:25 INFO  no build target found for C:\devtools\repositories\git\sched_dolphinscheduler\dolphinscheduler-task-plugin\dolphinscheduler-task-api\src\main\java\org\apache\dolphinscheduler\plugin\task\api\TaskPluginManager.java. Using fallback presentation compiler.
2026.03.03 10:19:27 INFO  no build target found for C:\devtools\repositories\git\sched_dolphinscheduler\dolphinscheduler-task-plugin\dolphinscheduler-task-api\src\main\java\org\apache\dolphinscheduler\plugin\task\api\TaskPluginManager.java. Using fallback presentation compiler.
2026.03.03 10:19:27 INFO  no build target found for C:\devtools\repositories\git\sched_dolphinscheduler\dolphinscheduler-task-plugin\dolphinscheduler-task-api\src\main\java\org\apache\dolphinscheduler\plugin\task\api\TaskPluginManager.java. Using fallback presentation compiler.
2026.03.03 10:19:27 INFO  no build target found for C:\devtools\repositories\git\sched_dolphinscheduler\dolphinscheduler-task-plugin\dolphinscheduler-task-api\src\main\java\org\apache\dolphinscheduler\plugin\task\api\TaskPluginManager.java. Using fallback presentation compiler.
2026.03.03 10:19:29 INFO  no build target found for C:\devtools\repositories\git\sched_dolphinscheduler\dolphinscheduler-task-plugin\dolphinscheduler-task-api\src\main\java\org\apache\dolphinscheduler\plugin\task\api\TaskPluginManager.java. Using fallback presentation compiler.
2026.03.03 10:19:30 INFO  no build target found for C:\devtools\repositories\git\sched_dolphinscheduler\dolphinscheduler-task-plugin\dolphinscheduler-task-api\src\main\java\org\apache\dolphinscheduler\plugin\task\api\TaskPluginManager.java. Using fallback presentation compiler.
2026.03.03 10:19:30 INFO  no build target found for C:\devtools\repositories\git\sched_dolphinscheduler\dolphinscheduler-task-plugin\dolphinscheduler-task-api\src\main\java\org\apache\dolphinscheduler\plugin\task\api\TaskPluginManager.java. Using fallback presentation compiler.
2026.03.03 10:19:33 INFO  no build target found for C:\devtools\repositories\git\sched_dolphinscheduler\dolphinscheduler-task-plugin\dolphinscheduler-task-api\src\main\java\org\apache\dolphinscheduler\plugin\task\api\TaskPluginManager.java. Using fallback presentation compiler.
2026.03.03 10:19:33 INFO  no build target found for C:\devtools\repositories\git\sched_dolphinscheduler\dolphinscheduler-task-plugin\dolphinscheduler-task-api\src\main\java\org\apache\dolphinscheduler\plugin\task\api\TaskPluginManager.java. Using fallback presentation compiler.
2026.03.03 10:19:35 INFO  no build target found for C:\devtools\repositories\git\sched_dolphinscheduler\dolphinscheduler-task-plugin\dolphinscheduler-task-api\src\main\java\org\apache\dolphinscheduler\plugin\task\api\TaskPluginManager.java. Using fallback presentation compiler.
2026.03.03 10:19:35 INFO  no build target found for C:\devtools\repositories\git\sched_dolphinscheduler\dolphinscheduler-task-plugin\dolphinscheduler-task-api\src\main\java\org\apache\dolphinscheduler\plugin\task\api\TaskPluginManager.java. Using fallback presentation compiler.
2026.03.03 10:19:36 INFO  no build target found for C:\devtools\repositories\git\sched_dolphinscheduler\dolphinscheduler-task-plugin\dolphinscheduler-task-api\src\main\java\org\apache\dolphinscheduler\plugin\task\api\TaskPluginManager.java. Using fallback presentation compiler.
2026.03.03 10:19:37 INFO  no build target found for C:\devtools\repositories\git\sched_dolphinscheduler\dolphinscheduler-task-plugin\dolphinscheduler-task-api\src\main\java\org\apache\dolphinscheduler\plugin\task\api\TaskPluginManager.java. Using fallback presentation compiler.
2026.03.03 10:19:39 INFO  no build target found for C:\devtools\repositories\git\sched_dolphinscheduler\dolphinscheduler-task-plugin\dolphinscheduler-task-api\src\main\java\org\apache\dolphinscheduler\plugin\task\api\TaskPluginManager.java. Using fallback presentation compiler.
2026.03.03 10:19:39 INFO  no build target found for C:\devtools\repositories\git\sched_dolphinscheduler\dolphinscheduler-task-plugin\dolphinscheduler-task-api\src\main\java\org\apache\dolphinscheduler\plugin\task\api\TaskPluginManager.java. Using fallback presentation compiler.
2026.03.03 10:19:56 INFO  no build target found for C:\devtools\repositories\git\sched_dolphinscheduler\dolphinscheduler-task-plugin\dolphinscheduler-task-api\src\main\java\org\apache\dolphinscheduler\plugin\task\api\TaskPluginManager.java. Using fallback presentation compiler.
2026.03.03 13:43:24 INFO  no build target found for C:\devtools\repositories\git\sched_dolphinscheduler\dolphinscheduler-task-plugin\dolphinscheduler-task-api\src\main\java\org\apache\dolphinscheduler\plugin\task\api\TaskPluginManager.java. Using fallback presentation compiler.
2026.03.03 16:24:47 INFO  no build target found for C:\devtools\repositories\git\sched_dolphinscheduler\dolphinscheduler-task-plugin\dolphinscheduler-task-api\src\main\java\org\apache\dolphinscheduler\plugin\task\api\TaskPluginManager.java. Using fallback presentation compiler.
2026.03.03 16:38:55 INFO  no build target found for C:\devtools\repositories\git\sched_dolphinscheduler\dolphinscheduler-task-plugin\dolphinscheduler-task-api\src\main\java\org\apache\dolphinscheduler\plugin\task\api\TaskPluginManager.java. Using fallback presentation compiler.
2026.03.03 17:18:07 INFO  no build target found for C:\devtools\repositories\git\sched_dolphinscheduler\dolphinscheduler-task-plugin\dolphinscheduler-task-api\src\main\java\org\apache\dolphinscheduler\plugin\task\api\TaskPluginManager.java. Using fallback presentation compiler.
2026.03.03 18:11:54 WARN  no build target for: C:\devtools\repositories\git\sched_dolphinscheduler\dolphinscheduler-task-plugin\dolphinscheduler-task-api\src\test\java\org\apache\dolphinscheduler\plugin\task\api\TaskPluginManagerTest.java
2026.03.03 18:11:55 INFO  no build target found for C:\devtools\repositories\git\sched_dolphinscheduler\dolphinscheduler-task-plugin\dolphinscheduler-task-api\src\test\java\org\apache\dolphinscheduler\plugin\task\api\TaskPluginManagerTest.java. Using fallback presentation compiler.
2026.03.03 18:11:55 INFO  no build target found for C:\devtools\repositories\git\sched_dolphinscheduler\dolphinscheduler-task-plugin\dolphinscheduler-task-api\src\test\java\org\apache\dolphinscheduler\plugin\task\api\TaskPluginManagerTest.java. Using fallback presentation compiler.
2026.03.03 18:11:55 INFO  no build target found for C:\devtools\repositories\git\sched_dolphinscheduler\dolphinscheduler-task-plugin\dolphinscheduler-task-api\src\test\java\org\apache\dolphinscheduler\plugin\task\api\TaskPluginManagerTest.java. Using fallback presentation compiler.
2026.03.03 18:11:55 WARN  no build target for: C:\devtools\repositories\git\sched_dolphinscheduler\dolphinscheduler-task-plugin\dolphinscheduler-task-api\src\main\java\org\apache\dolphinscheduler\plugin\task\api\TaskPluginManager.java
2026.03.03 18:11:55 INFO  no build target found for C:\devtools\repositories\git\sched_dolphinscheduler\dolphinscheduler-task-plugin\dolphinscheduler-task-api\src\main\java\org\apache\dolphinscheduler\plugin\task\api\TaskPluginManager.java. Using fallback presentation compiler.
2026.03.03 18:11:55 INFO  no build target found for C:\devtools\repositories\git\sched_dolphinscheduler\dolphinscheduler-task-plugin\dolphinscheduler-task-api\src\main\java\org\apache\dolphinscheduler\plugin\task\api\TaskPluginManager.java. Using fallback presentation compiler.
2026.03.03 18:11:58 INFO  no build target found for C:\devtools\repositories\git\sched_dolphinscheduler\dolphinscheduler-task-plugin\dolphinscheduler-task-api\src\main\java\org\apache\dolphinscheduler\plugin\task\api\TaskPluginManager.java. Using fallback presentation compiler.
2026.03.03 18:12:00 INFO  no build target found for C:\devtools\repositories\git\sched_dolphinscheduler\dolphinscheduler-task-plugin\dolphinscheduler-task-api\src\main\java\org\apache\dolphinscheduler\plugin\task\api\TaskPluginManager.java. Using fallback presentation compiler.
2026.03.04 15:01:47 INFO  no build target found for C:\devtools\repositories\git\sched_dolphinscheduler\dolphinscheduler-task-plugin\dolphinscheduler-task-shell\src\main\java\org\apache\dolphinscheduler\plugin\task\shell\ShellParameters.java. Using fallback presentation compiler.
2026.03.04 15:01:49 INFO  no build target found for C:\devtools\repositories\git\sched_dolphinscheduler\dolphinscheduler-task-plugin\dolphinscheduler-task-shell\src\main\java\org\apache\dolphinscheduler\plugin\task\shell\ShellParameters.java. Using fallback presentation compiler.
2026.03.04 15:01:49 INFO  no build target found for C:\devtools\repositories\git\sched_dolphinscheduler\dolphinscheduler-task-plugin\dolphinscheduler-task-shell\src\main\java\org\apache\dolphinscheduler\plugin\task\shell\ShellTask.java. Using fallback presentation compiler.
2026.03.04 15:01:53 INFO  no build target found for C:\devtools\repositories\git\sched_dolphinscheduler\dolphinscheduler-task-plugin\dolphinscheduler-task-shell\src\main\java\org\apache\dolphinscheduler\plugin\task\shell\ShellTask.java. Using fallback presentation compiler.
2026.03.04 15:01:55 INFO  no build target found for C:\devtools\repositories\git\sched_dolphinscheduler\dolphinscheduler-task-plugin\dolphinscheduler-task-shell\src\main\java\org\apache\dolphinscheduler\plugin\task\shell\ShellTask.java. Using fallback presentation compiler.
2026.03.04 15:01:55 INFO  no build target found for C:\devtools\repositories\git\sched_dolphinscheduler\dolphinscheduler-task-plugin\dolphinscheduler-task-shell\src\main\java\org\apache\dolphinscheduler\plugin\task\shell\ShellParameters.java. Using fallback presentation compiler.
2026.03.04 15:01:57 INFO  no build target found for C:\devtools\repositories\git\sched_dolphinscheduler\dolphinscheduler-task-plugin\dolphinscheduler-task-shell\src\main\java\org\apache\dolphinscheduler\plugin\task\shell\ShellParameters.java. Using fallback presentation compiler.
2026.03.04 15:01:57 INFO  no build target found for C:\devtools\repositories\git\sched_dolphinscheduler\dolphinscheduler-task-plugin\dolphinscheduler-task-shell\src\main\java\org\apache\dolphinscheduler\plugin\task\shell\ShellTask.java. Using fallback presentation compiler.
2026.03.04 15:01:57 INFO  no build target found for C:\devtools\repositories\git\sched_dolphinscheduler\dolphinscheduler-task-plugin\dolphinscheduler-task-shell\src\main\java\org\apache\dolphinscheduler\plugin\task\shell\ShellTask.java. Using fallback presentation compiler.
2026.03.04 15:01:57 INFO  no build target found for C:\devtools\repositories\git\sched_dolphinscheduler\dolphinscheduler-task-plugin\dolphinscheduler-task-shell\src\main\java\org\apache\dolphinscheduler\plugin\task\shell\ShellTaskChannel.java. Using fallback presentation compiler.
2026.03.04 15:01:59 INFO  no build target found for C:\devtools\repositories\git\sched_dolphinscheduler\dolphinscheduler-task-plugin\dolphinscheduler-task-shell\src\main\java\org\apache\dolphinscheduler\plugin\task\shell\ShellTaskChannel.java. Using fallback presentation compiler.
2026.03.04 15:01:59 INFO  no build target found for C:\devtools\repositories\git\sched_dolphinscheduler\dolphinscheduler-task-plugin\dolphinscheduler-task-shell\src\main\java\org\apache\dolphinscheduler\plugin\task\shell\ShellTaskChannelFactory.java. Using fallback presentation compiler.
2026.03.04 15:02:00 INFO  no build target found for C:\devtools\repositories\git\sched_dolphinscheduler\dolphinscheduler-task-plugin\dolphinscheduler-task-shell\src\main\java\org\apache\dolphinscheduler\plugin\task\shell\ShellTaskChannelFactory.java. Using fallback presentation compiler.
2026.03.04 15:03:04 INFO  no build target found for C:\devtools\repositories\git\sched_dolphinscheduler\dolphinscheduler-task-plugin\dolphinscheduler-task-shell\src\main\java\org\apache\dolphinscheduler\plugin\task\shell\ShellTaskChannelFactory.java. Using fallback presentation compiler.
3월 04, 2026 3:03:05 오후 org.eclipse.lsp4j.jsonrpc.RemoteEndpoint handleCancellation
경고: Unmatched cancel notification for request id 109
2026.03.04 15:03:16 INFO  no build target found for C:\devtools\repositories\git\sched_dolphinscheduler\dolphinscheduler-task-plugin\dolphinscheduler-task-shell\src\main\java\org\apache\dolphinscheduler\plugin\task\shell\ShellTaskChannelFactory.java. Using fallback presentation compiler.
